// Jest Snapshot v1, https://goo.gl/fbAQLP

exports[`should render the resultsList 1`] = `
<span>
  100.00
</span>
`;
