// Jest Snapshot v1, https://goo.gl/fbAQLP

exports[`should render the resultsList 1`] = `
<div
  className="list"
>
  <span>
    Result: 
  </span>
</div>
`;
